// Jest Snapshot v1, https://goo.gl/fbAQLP

exports[`AchievementsScreen renders correctly 1`] = `null`;
